Seeds: [24594279, 88982326, 73618587, 66787293, 52772863]

===== ZDT1 =====
  S0_baseline              HV=0.8381+-0.0097  dp=0.0244+-0.0111  (59s)
  S1_power4_cooling        HV=0.8259+-0.0089  dp=0.0318+-0.0070  (70s)
  S2_momentum_tangential   HV=0.8226+-0.0048  dp=0.0321+-0.0032  (58s)
  S3_nesterov_lookahead    HV=0.8540+-0.0037  dp=0.0164+-0.0038  (57s)
  S4_finishing             HV=0.8322+-0.0045  dp=0.0274+-0.0048  (58s)
  S5_combo                 HV=0.7865+-0.0134  dp=0.0563+-0.0077  (68s)
  NSGA3                    HV=0.8670+-0.0003  dp=0.0069+-0.0002  (11s)

===== ZDT2 =====
  S0_baseline              HV=0.4882+-0.0089  dp=0.0263+-0.0052  (55s)
  S1_power4_cooling        HV=0.3679+-0.1265  dp=0.1584+-0.1781  (69s)
  S2_momentum_tangential   HV=0.4876+-0.0077  dp=0.0283+-0.0041  (52s)
  S3_nesterov_lookahead    HV=0.3397+-0.1239  dp=0.2050+-0.2068  (85s)
  S4_finishing             HV=0.4845+-0.0096  dp=0.0287+-0.0055  (54s)
  S5_combo                 HV=0.4619+-0.0144  dp=0.0448+-0.0084  (62s)
  NSGA3                    HV=0.5352+-0.0003  dp=0.0063+-0.0003  (11s)

===== DTLZ1 =====
  S0_baseline              HV=0.0000+-0.0000  dp=29.0353+-1.6534  (59s)
  S1_power4_cooling        HV=0.0000+-0.0000  dp=26.9390+-2.7214  (65s)
  S2_momentum_tangential   HV=0.0000+-0.0000  dp=30.6324+-1.1313  (56s)
  S3_nesterov_lookahead    HV=0.0000+-0.0000  dp=33.9008+-0.9238  (64s)
